============================= test session starts =============================
platform win32 -- Python 3.12.7, pytest-9.0.2, pluggy-1.6.0 -- C:\Users\Mithul\AppData\Local\Programs\Python\Python312\python.exe
cachedir: .pytest_cache
rootdir: C:\Users\Mithul\Desktop\drone-intelligence
plugins: anyio-4.12.1, langsmith-0.7.22, asyncio-1.3.0
asyncio: mode=Mode.STRICT, debug=False, asyncio_default_fixture_loop_scope=None, asyncio_default_test_loop_scope=function
collecting ... collected 9 items

tests/test_mcp_tools.py::TestFlightTime::test_flight_time_basic PASSED   [ 11%]
tests/test_mcp_tools.py::TestFlightTime::test_flight_time_heavy_payload PASSED [ 22%]
tests/test_mcp_tools.py::TestFlightTime::test_flight_time_high_wind PASSED [ 33%]
tests/test_mcp_tools.py::TestROI::test_roi_profitable PASSED             [ 44%]
tests/test_mcp_tools.py::TestROI::test_roi_not_viable PASSED             [ 55%]
tests/test_mcp_tools.py::TestROI::test_roi_breakeven_never PASSED        [ 66%]
tests/test_mcp_tools.py::TestCompliance::test_compliance_nano PASSED     [ 77%]
tests/test_mcp_tools.py::TestCompliance::test_compliance_small_no_licence PASSED [ 88%]
tests/test_mcp_tools.py::TestDroneSelector::test_drone_selector_returns_dict PASSED [100%]

============================== 9 passed in 0.07s ==============================
